One of the operands is null.
One of the operands is null.
One of the operands is null.
One of the operands is null.
One of the operands is null.
One of the operands is null.
One of the operands is null.
One of the operands is null.
